Validation Information: [ CURRENT-VALIDATION-ENABLED ] | MessageID = 0xfd7b2292
vkCreateInstance(): Current Validaiton Enabled:
  - Core Checks
  - Synchronization
  - Stateless Parameter
  - Object lifetime
  - Thread Safety
  - Handle Wrapping

Objects: 1
    [0] VkInstance 0x4e42f70

MelonPrimeDS (build 2026-08-13 18:04:33 GMT+9) (melonDS 1.1)
https://melonds.kuribo64.net
Opened "C:/Users/Admin/Documents/git/melonPrimeDS/build/debug-mingw-vulkan-validation2/portable\melonDS.toml" with FileMode 0x1 (effective mode "rb")
Opened "C:/Users/Admin/Documents/git/melonPrimeDS/build/debug-mingw-vulkan-validation2/portable\melonDS.toml" with FileMode 0x20 (effective mode "ab")
MP comm init OK
Audio output frequency: 48000 Hz
Audio output buffer size: 512 samples
[Vulkan] loaded vulkan-1.dll, instance API version 1.4.357
[Vulkan] validation layer enabled
[Vulkan] instance ok   Vulkan runtime -- vulkan-1.dll
[Vulkan] instance ok   Vulkan instance version -- 1.4.357
[Vulkan] instance ok   VK_KHR_surface -- present
[Vulkan] instance ok   VK_KHR_get_surface_capabilities2 -- present
[Vulkan] instance ok   VK_KHR_win32_surface -- present
[Vulkan] instance ok   VK_EXT_debug_utils -- present
[Vulkan/general] Loader Message: Removing layer VK_LAYER_OBS_HOOK (C:\ProgramData\obs-studio-hook\obs-vulkan32.json) because it is a duplicate of VK_LAYER_OBS_HOOK (C:\ProgramData\obs-studio-hook\obs-vulkan64.json)
[Vulkan] instance created (API 1.1.0 requested, 4 extensions, 1 layers)
[Vulkan]   instance extension: VK_KHR_surface
[Vulkan]   instance extension: VK_KHR_get_surface_capabilities2
[Vulkan]   instance extension: VK_KHR_win32_surface
[Vulkan]   instance extension: VK_EXT_debug_utils
[Vulkan] probed NVIDIA GeForce RTX 5070 Ti (NVIDIA, discrete GPU) API 1.4.341 driver 610.74.0.0: eligible
[Vulkan] NVIDIA GeForce RTX 5070 Ti ok   Device API version -- 1.4.341
[Vulkan] NVIDIA GeForce RTX 5070 Ti ok   Device-local memory -- 15995.0 MiB
[Vulkan] NVIDIA GeForce RTX 5070 Ti ok   Queue families -- family 0 supports graphics+compute (present not checked)
[Vulkan] NVIDIA GeForce RTX 5070 Ti ok   Surface support -- not checked (probe ran without a surface)
[Vulkan] NVIDIA GeForce RTX 5070 Ti ok   R8G8B8A8_UNORM storage image -- supported
[Vulkan] NVIDIA GeForce RTX 5070 Ti ok   R16G16B16A16_UINT uniform texel buffer -- supported
[Vulkan] NVIDIA GeForce RTX 5070 Ti ok   R8G8B8A8_UINT texture array -- supported
[Vulkan] NVIDIA GeForce RTX 5070 Ti ok   R32_UINT clear bitmap -- supported
[Vulkan] NVIDIA GeForce RTX 5070 Ti ok   R8G8B8A8_UNORM capture texture -- supported
[Vulkan] NVIDIA GeForce RTX 5070 Ti ok   maxBoundDescriptorSets -- maxBoundDescriptorSets = 32 (need 2)
[Vulkan] NVIDIA GeForce RTX 5070 Ti ok   maxPushConstantsSize -- maxPushConstantsSize = 256 (need 32)
[Vulkan] NVIDIA GeForce RTX 5070 Ti ok   maxPerStageDescriptorUniformBuffers -- maxPerStageDescriptorUniformBuffers = 1048576 (need 1)
[Vulkan] NVIDIA GeForce RTX 5070 Ti ok   maxPerStageDescriptorStorageBuffers -- maxPerStageDescriptorStorageBuffers = 1048576 (need 14)
[Vulkan] NVIDIA GeForce RTX 5070 Ti ok   maxDescriptorSetStorageBuffers -- maxDescriptorSetStorageBuffers = 1048576 (need 14)
[Vulkan] NVIDIA GeForce RTX 5070 Ti ok   maxPerStageDescriptorStorageImages -- maxPerStageDescriptorStorageImages = 1048576 (need 1)
[Vulkan] NVIDIA GeForce RTX 5070 Ti ok   maxPerStageDescriptorSampledImages -- maxPerStageDescriptorSampledImages = 1048576 (need 6)
[Vulkan] NVIDIA GeForce RTX 5070 Ti ok   maxPerStageDescriptorSamplers -- maxPerStageDescriptorSamplers = 1048576 (need 5)
[Vulkan] NVIDIA GeForce RTX 5070 Ti ok   maxPerStageResources -- maxPerStageResources = 4294967295 (need 22)
[Vulkan] NVIDIA GeForce RTX 5070 Ti ok   maxUniformBufferRange -- maxUniformBufferRange = 65536 (need 4096)
[Vulkan] NVIDIA GeForce RTX 5070 Ti ok   maxImageDimension2D -- maxImageDimension2D = 32768 (need 4096)
[Vulkan] NVIDIA GeForce RTX 5070 Ti ok   maxImageArrayLayers -- maxImageArrayLayers = 2048 (need 64)
[Vulkan] NVIDIA GeForce RTX 5070 Ti ok   maxComputeWorkGroupInvocations -- maxComputeWorkGroupInvocations = 1024 (need 256)
[Vulkan] NVIDIA GeForce RTX 5070 Ti ok   maxComputeWorkGroupSize[0] -- maxComputeWorkGroupSize[0] = 1024 (need 64)
[Vulkan] NVIDIA GeForce RTX 5070 Ti ok   maxComputeWorkGroupSize[1] -- maxComputeWorkGroupSize[1] = 1024 (need 16)
[Vulkan] NVIDIA GeForce RTX 5070Validation Information: [ CURRENT-VALIDATION-ENABLED ] | MessageID = 0xfd7b2292
vkCreateInstance(): Current Validaiton Enabled:
  - Core Checks
  - Synchronization
  - Stateless Parameter
  - Object lifetime
  - Thread Safety
  - Handle Wrapping

Objects: 1
    [0] VkInstance 0x4e42f70

 Ti ok   maxImageDimension2D (texcache) -- maxImageDimension2D (texcache) = 32768 (need 1024)
[Vulkan] NVIDIA GeForce RTX 5070 Ti ok   Internal resolution -- up to 16x supported
[Vulkan] selected NVIDIA GeForce RTX 5070 Ti (NVIDIA) -- score 1175, up to 16x internal resolution
[Vulkan] feature check: available device=NVIDIA GeForce RTX 5070 Ti api=1.4.341 driver=610.74.0.0 maxScale=16x reflex=yes antilag2=no
[Vulkan] loaded vulkan-1.dll, instance API version 1.4.357
[Vulkan] validation layer enabled
[Vulkan] instance ok   Vulkan runtime -- vulkan-1.dll
[Vulkan] instance ok   Vulkan instance version -- 1.4.357
[Vulkan] instance ok   VK_KHR_surface -- present
[Vulkan] instance ok   VK_KHR_get_surface_capabilities2 -- present
[Vulkan] instance ok   VK_KHR_win32_surface -- present
[Vulkan] instance ok   VK_EXT_debug_utils -- present
[Vulkan/general] Loader Message: Removing layer VK_LAYER_OBS_HOOK (C:\ProgramData\obs-studio-hook\obs-vulkan32.json) because it is a duplicate of VK_LAYER_OBS_HOOK (C:\ProgramData\obs-studio-hook\obs-vulkan64.json)
[Vulkan] instance created (API 1.1.0 requested, 4 extensions, 1 layers)
[Vulkan]   instance extension: VK_KHR_surface
[Vulkan]   instance extension: VK_KHR_get_surface_capabilities2
[Vulkan]   instance extension: VK_KHR_win32_surface
[Vulkan]   instance extension: VK_EXT_debug_utils
[Vulkan] presentation surface created backend=VK_KHR_win32_surface hwnd=00000000001e0a6c
[Vulkan] probed NVIDIA GeForce RTX 5070 Ti (NVIDIA, discrete GPU) API 1.4.341 driver 610.74.0.0: eligible
[Vulkan] NVIDIA GeForce RTX 5070 Ti ok   Device API version -- 1.4.341
[Vulkan] NVIDIA GeForce RTX 5070 Ti ok   Device-local memory -- 15995.0 MiB
[Vulkan] NVIDIA GeForce RTX 5070 Ti ok   Queue families -- family 0 supports graphics+compute+present
[Vulkan] NVIDIA GeForce RTX 5070 Ti ok   VK_KHR_swapchain -- present
[Vulkan] NVIDIA GeForce RTX 5070 Ti ok   Surface support -- 7 surface formats, 5 present modes
[Vulkan] NVIDIA GeForce RTX 5070 Ti ok   R8G8B8A8_UNORM storage image -- supported
[Vulkan] NVIDIA GeForce RTX 5070 Ti ok   R16G16B16A16_UINT uniform texel buffer -- supported
[Vulkan] NVIDIA GeForce RTX 5070 Ti ok   R8G8B8A8_UINT texture array -- supported
[Vulkan] NVIDIA GeForce RTX 5070 Ti ok   R32_UINT clear bitmap -- supported
[Vulkan] NVIDIA GeForce RTX 5070 Ti ok   R8G8B8A8_UNORM capture texture -- supported
[Vulkan] NVIDIA GeForce RTX 5070 Ti ok   maxBoundDescriptorSets -- maxBoundDescriptorSets = 32 (need 2)
[Vulkan] NVIDIA GeForce RTX 5070 Ti ok   maxPushConstantsSize -- maxPushConstantsSize = 256 (need 32)
[Vulkan] NVIDIA GeForce RTX 5070 Ti ok   maxPerStageDescriptorUniformBuffers -- maxPerStageDescriptorUniformBuffers = 1048576 (need 1)
[Vulkan] NVIDIA GeForce RTX 5070 Ti ok   maxPerStageDescriptorStorageBuffers -- maxPerStageDescriptorStorageBuffers = 1048576 (need 14)
[Vulkan] NVIDIA GeForce RTX 5070 Ti ok   maxDescriptorSetStorageBuffers -- maxDescriptorSetStorageBuffers = 1048576 (need 14)
[Vulkan] NVIDIA GeForce RTX 5070 Ti ok   maxPerStageDescriptorStorageImages -- maxPerStageDescriptorStorageImages = 1048576 (need 1)
[Vulkan] NVIDIA GeForce RTX 5070 Ti ok   maxPerStageDescriptorSampledImages -- maxPerStageDescriptorSampledImages = 1048576 (need 6)
[Vulkan] NVIDIA GeForce RTX 5070 Ti ok   maxPerStageDescriptorSamplers -- maxPerStageDescriptorSamplers = 1048576 (need 5)
[Vulkan] NVIDIA GeForce RTX 5070 Ti ok   maxPerStageResources -- maxPerStageResources = 4294967295 (need 22)
[Vulkan] NVIDIA GeForce RTX 5070 Ti ok   maxUniformBufferRange -- maxUniformBufferRange = 65536 (need 4096)
[Vulkan] NVIDIA GeForce RTX 5070 Ti ok   maxImageDimension2D -- maxImageDimension2D = 32768 (need 4096)
[Vulkan] NVIDIA GeForce RTX 5070 Ti ok   maxImageArrayLayers -- maxImageArrayLayers = 2048 (need 64)
[Vulkan] NVIDIA GeForce RTX 5070 Ti ok   maxComputeWorkGroupInvocations -- maxComputeWorkGroupInvocations = 1024 (need 256)
[Vulkan] NVIDIA GeForce RTX 5070 Ti ok   maxComputeWorkGroupSize[0] -- maxComputeWorkGroupSize[0] = 1024 (need 64)
[Vulkan] NVIDIA GeForce RTX 5070 Ti ok   maxComputeWorkGroupSize[1] -- maxComputeWorkGroupSize[1] = 1024 (need 16)
[Vulkan] NVIDIA GeForce RTX 5070 Ti ok   maxImageDimension2D (texcache) -- maxImageDimension2D (texcache) = 32768 (need 1024)
[Vulkan] NVIDIA GeForce RTX 5070 Ti ok   Internal resolution -- up to 16x supported
[Vulkan] selected NVIDIA GeForce RTX 5070 Ti (NVIDIA) -- score 1175, up to 16x internal resolution
[Vulkan] generic present device capabilities: caps2=yes present-id2=yes present-wait2=yes calibrated-timestamps=yes present-timing=yes present-at-absolute-time=yes present-at-relative-time=yes fifo-latest-ready=yes
[Vulkan] renderer requested=Vulkan presenter actual=Vulkan
[Vulkan] instance API 1.4.357, device API 1.4.341
[Vulkan] GPU NVIDIA GeForce RTX 5070 Ti (NVIDIA, discrete GPU) driver 610.74.0.0
[Vulkan] queues: family 0 handles graphics, compute and present
[Vulkan] device extension: VK_KHR_swapchain
[Vulkan] device extension: VK_KHR_timeline_semaphore
[Vulkan] device extension: VK_KHR_present_id
[Vulkan] device extension: VK_NV_low_latency2
[Vulkan] device extension: VK_KHR_present_id2
[Vulkan] device extension: VK_KHR_present_wait2
[Vulkan] device extension: VK_KHR_calibrated_timestamps
[Vulkan] device extension: VK_EXT_present_timing
[Vulkan] device extension: VK_KHR_present_mode_fifo_latest_ready
[Vulkan] device features: none required (core 1.1 functionality only)
[Vulkan] device-local memory 15995.0 MiB, internal resolution up to 16x
[Vulkan] NVIDIA Reflex (VK_NV_low_latency2) device creation: extension-requested=yes supported=yes device-extension-enabled=yes reason=enabled at device creation
[Vulkan] AMD Radeon Anti-Lag 2 (VK_AMD_anti_lag) device creation: extension-requested=yes supported=no device-extension-enabled=no reason=this GPU does not expose VK_AMD_anti_lag (Radeon Anti-Lag 2 is AMD-only)
[Vulkan] NVIDIA Reflex mode=off lowLatencyMode=false lowLatencyBoost=false
[Vulkan] swapchain ready: generic present pacing: policy=JustInTime authority=GenericHost caps2=yes present-id2=yes present-wait2=yes present-timing=yes absolute-timing=no relative-timing=yes target-stage=IMAGE_FIRST_PIXEL_OUT timing-queue=16 fifo-latest-ready=no presentMode=2 reason=available capabilities are optional
[Vulkan] presentation: requested-vsync=on available-present-modes=FIFO,FIFO_RELAXED,MAILBOX,IMMEDIATE,FIFO_LATEST_READY selected-present-mode=FIFO swapchain-images=3 extent=256x384 format=44 window-mode=windowed reason=VSync on: FIFO; VRR actual state is driver/display controlled
[Vulkan] presenter ready: NVIDIA Reflex (VK_NV_low_latency2): requested=off supported=yes device-extension-enabled=yes actual=inactive reason=latency markers active; low-latency pacing switched off by NvidiaReflexMode
[Vulkan] presenter ready: AMD Radeon Anti-Lag 2 (VK_AMD_anti_lag): requested=off supported=no device-extension-enabled=no actual=inactive reason=this GPU does not expose VK_AMD_anti_lag (Radeon Anti-Lag 2 is AMD-only)
[Vulkan] presenter ready: generic present pacing: policy=JustInTime authority=GenericHost caps2=yes present-id2=yes present-wait2=yes present-timing=yes absolute-timing=no relative-timing=yes target-stage=IMAGE_FIRST_PIXEL_OUT timing-queue=16 fifo-latest-ready=no presentMode=2 reason=available capabilities are optional
Opened "C:\DSMPH\melonPrimeDS最新版\balancedRom.nds" with FileMode 0x1 (effective mode "rb")
Opened "C:\DSMPH\melonPrimeDS最新版/balancedRom.sav" with FileMode 0x1 (effective mode "rb")
Opened "C:\DSMPH\melonPrimeDS最新版/balancedRom.sav" with FileMode 0x1 (effective mode "rb")
Opened "C:\DSMPH\melonPrimeDS最新版/balancedRom.sav" with FileMode 0x20 (effective mode "ab")
!! bad ROM size 66777644 (expected 67108864) rounded to 67108864
Failed to open "C:/Users/Admin/Documents/git/melonPrimeDS/build/debug-mingw-vulkan-validation2/portable\wfcsettings.bin" with FileMode 0x1 (effective mode "rb")
Resetting JIT block cache...
done resetting jit mem
done resetting jit mem
MAC: 00:09:BF:11:22:33
FW: WIFI CRC16 = GOOD
FW: AP1 CRC16 = GOOD
FW: AP2 CRC16 = GOOD
FW: AP3 CRC16 = GOOD
FW: USER0 CRC16 = GOOD
FW: USER1 CRC16 = GOOD
Opened "C:/Users/Admin/Documents/git/melonPrimeDS/build/debug-mingw-vulkan-validation2/portable\rtc.bin" with FileMode 0x1 (effective mode "rb")
Re-encrypting cart secure area
NDSCart: Initialized Key1_KeyBuf to zero
NDSCart: Initialized Key1_KeyBuf to zero
Re-encrypted cart secure area
Inserted cart with game code: AMHP
Inserted cart with ID: 00003FC2
ROM entry: 04000000 00000005
Ejected GBA cart
Failed to open "C:\DSMPH\melonPrimeDS最新版/balancedRom.mch" with FileMode 0x11 (effective mode "r")
Resetting JIT block cache...
done resetting jit mem
done resetting jit mem
MAC: 00:09:BF:11:22:33
FW: WIFI CRC16 = GOOD
FW: AP1 CRC16 = GOOD
FW: AP2 CRC16 = GOOD
FW: AP3 CRC16 = GOOD
FW: USER0 CRC16 = GOOD
FW: USER1 CRC16 = GOOD
remapping SWRAM
NDSCart: Initialized Key1_KeyBuf to zero
NDSCart: Initialized Key1_KeyBuf to zero
Secure area decryption OK
remapping DTCM 0 1000 ffffffff ffffffff
PU: region 0 = 04000033 : enabled, start: 04000000 size: 19
PU: region 0 = 04000033 : enabled, start: 04000000 size: 19
PU: region 1 = 0200002B : enabled, start: 02000000 size: 15
PU: region 1 = 0200002B : enabled, start: 02000000 size: 15
PU: region 2 = 00000000 : disabled, start: 00000000 size: 00
PU: region 2 = 00000000 : disabled, start: 00000000 size: 00
PU: region 3 = 08000035 : enabled, start: 08000000 size: 1A
PU: region 3 = 08000035 : enabled, start: 08000000 size: 1A
PU: region 4 = 0300001B : enabled, start: 03000000 size: 0D
PU: region 4 = 0300001B : enabled, start: 03000000 size: 0D
PU: region 5 = 00000000 : disabled, start: 00000000 size: 00
PU: region 5 = 00000000 : disabled, start: 00000000 size: 00
PU: region 6 = FFFF001D : enabled, start: FFFF0000 size: 0E
PU: region 6 = FFFF001D : enabled, start: FFFF0000 size: 0E
PU: region 7 = 027FF017 : enabled, start: 027FF000 size: 0B
PU: region 7 = 027FF017 : enabled, start: 027FF000 size: 0B
remapping DTCM 3000000 3004000 0 fffff000
Game is now booting
Resetting JIT block cache...
done resetting jit mem
Resetting JIT block cache...
done resetting jit mem
Renderer transition begin previous=-1 requested=3
Renderer selection requested=Vulkan presentation=VulkanOpened "C:/Users/Admin/Documents/git/melonPrimeDS/build/debug-mingw-vulkan-validation2/portable\melonDS.toml" with FileMode 0x1 (effective mode "rb")
Opened "C:/Users/Admin/Documents/git/melonPrimeDS/build/debug-mingw-vulkan-validation2/portable\melonDS.toml" with FileMode 0x20 (effective mode "ab")
[Vulkan] renderer requested=Vulkan actual=Vulkan
[Vulkan] instance API 1.4.357, device API 1.4.341
[Vulkan] GPU NVIDIA GeForce RTX 5070 Ti (NVIDIA, discrete GPU) driver 610.74.0.0
[Vulkan] queues: family 0 handles graphics, compute and present
[Vulkan] device extension: VK_KHR_swapchain
[Vulkan] device extension: VK_KHR_timeline_semaphore
[Vulkan] device extension: VK_KHR_present_id
[Vulkan] device extension: VK_NV_low_latency2
[Vulkan] device extension: VK_KHR_present_id2
[Vulkan] device extension: VK_KHR_present_wait2
[Vulkan] device extension: VK_KHR_calibrated_timestamps
[Vulkan] device extension: VK_EXT_present_timing
[Vulkan] device extension: VK_KHR_present_mode_fifo_latest_ready
[Vulkan] device features: none required (core 1.1 functionality only)
[Vulkan] device-local memory 15995.0 MiB, internal resolution up to 16x
[Vulkan] NVIDIA Reflex (VK_NV_low_latency2) device creation: extension-requested=yes supported=yes device-extension-enabled=yes reason=enabled at device creation
[Vulkan] AMD Radeon Anti-Lag 2 (VK_AMD_anti_lag) device creation: extension-requested=yes supported=no device-extension-enabled=no reason=this GPU does not expose VK_AMD_anti_lag (Radeon Anti-Lag 2 is AMD-only)
[Vulkan] descriptor pool: 6153 sets (6 rasterizer, 6147 texture) across 3 frames in flight
Opened "C:/Users/Admin/Documents/git/melonPrimeDS/build/debug-mingw-vulkan-validation2/portable\melonPrimeDS_vulkan_pipeline_cache.bin" with FileMode 0x1 (effective mode "rb")
[Vulkan] 3D renderer initialized on "NVIDIA GeForce RTX 5070 Ti" (up to 16x internal resolution)
Vulkan renderer init succeeded requested=Vulkan actual=Vulkan
Renderer transition complete previous=-1 actual=3
[Vulkan] internal resolution 4x -> 3D output 1024x768, tiles 128x96 (8px), tile-geometry bucket 0, capture resolve 256x192; memory raster=335.7 MiB capture-sidecar=32.0 MiB compositor-device=25.9 MiB compositor-host=7.9 MiB
[Vulkan] low-latency: NVIDIA Reflex (VK_NV_low_latency2): requested=off supported=yes device-extension-enabled=yes actual=inactive reason=latency markers active; low-latency pacing switched off by NvidiaReflexMode
[Vulkan] low-latency: AMD Radeon Anti-Lag 2 (VK_AMD_anti_lag): requested=off supported=no device-extension-enabled=no actual=inactive reason=this GPU does not expose VK_AMD_anti_lag (Radeon Anti-Lag 2 is AMD-only)
[Vulkan] low-latency: generic present pacing: policy=JustInTime authority=GenericPresentTiming caps2=yes present-id2=yes present-wait2=yes present-timing=yes absolute-timing=no relative-timing=yes target-stage=IMAGE_FIRST_PIXEL_OUT timing-queue=16 fifo-latest-ready=no presentMode=2 reason=available capabilities are optional
[Vulkan] NVIDIA Reflex mode=off lowLatencyMode=false lowLatencyBoost=false
[Vulkan] swapchain ready: generic present pacing: policy=JustInTime authority=GenericHost caps2=yes present-id2=yes present-wait2=yes present-timing=yes absolute-timing=no relative-timing=yes target-stage=IMAGE_FIRST_PIXEL_OUT timing-queue=16 fifo-latest-ready=no presentMode=2 reason=available capabilities are optional
[Vulkan] presentation: requested-vsync=on available-present-modes=FIFO,FIFO_RELAXED,MAILBOX,IMMEDIATE,FIFO_LATEST_READY selected-present-mode=FIFO swapchain-images=3 extent=256x384 format=44 window-mode=windowed reason=VSync on: FIFO; VRR actual state is driver/display controlled
[Vulkan] first frame presented extent=256x384 presentMode=FIFO
remapping DTCM ffffffff ffffffff 3000000 2ffc000
PU: region 0 = 04000033 : enabled, start: 04000000 size: 19
PU: region 1 = 0200002D : enabled, start: 02000000 size: 16
PU: region 2 = 027E0021 : enabled, start: 027E0000 size: 10
PU: region 3 = 08000035 : enabled, start: 08000000 size: 1A
PU: region 4 = 027E001B : enabled, start: 027E0000 size: 0D
PU: region 5 = 0100002F : enabled, start: 01000000 size: 17
PU: region 6 = FFFF001D : enabled, start: FFFF0000 size: 0E
PU: region 7 = 027FF017 : enabled, start: 027FF000 size: 0B
remapping DTCM 27e0000 27e4000 ffffffff ffffffff
unmapping 9 3800000 10000 1 0
PU region 0: 04000000-07FFFFFF, user=00 priv=07, 15111011/05100011
PU region 1: 02000000-027FFFFF, user=70 priv=77, 15111011/05100011
PU region 2: 027E0000-027FFFFF, user=00 priv=00, 15111011/05100011
PU region 3: 08000000-0FFFFFFF, user=00 priv=03, 15111011/05100011
PU region 4: 027E0000-027E3FFF, user=00 priv=03, 15111011/05100011
PU region 5: 01000000-01FFFFFF, user=00 priv=07, 15111011/05100011
PU region 6: FFFF0000-FFFF7FFF, user=50 priv=55, 15111011/05100011
PU region 7: 027FF000-027FFFFF, user=00 priv=03, 15111011/05100011
[Vulkan] present JIT: policy=JustInTime authority=GenericPresentTiming state=TargetSchedulingActive targetScheduling=capable targetMode=relative boundedWait=on optionalWait=available timingReady=yes timeDomainsReady=yes absoluteSupported=no relativeSupported=yes targetStage=IMAGE_FIRST_PIXEL_OUT timeDomain=PRESENT_STAGE_LOCAL domainId=1000208000 frameIntervalNs=16666667 refreshIntervalNs=1851800 dynamics=FRR relativeQuanta=0 baselineId=0 baselineSequence=0 baselineTime=0 targetValue=1850800 fallback=none
PU: region 1 = 0200002B : enabled, start: 02000000 size: 15
PU region 0: 04000000-07FFFFFF, user=00 priv=07, 15111011/05100011
PU region 1: 02000000-023FFFFF, user=70 priv=77, 15111011/05100011
PU region 2: 027E0000-027FFFFF, user=00 priv=00, 15111011/05100011
PU region 3: 08000000-0FFFFFFF, user=00 priv=03, 15111011/05100011
PU region 4: 027E0000-027E3FFF, user=00 priv=03, 15111011/05100011
PU region 5: 01000000-01FFFFFF, user=00 priv=07, 15111011/05100011
PU region 6: FFFF0000-FFFF7FFF, user=50 priv=55, 15111011/05100011
PU region 7: 027FF000-027FFFFF, user=00 priv=03, 15111011/05100011
PU: region 2 = 023E0021 : enabled, start: 023E0000 size: 10
PU region 0: 04000000-07FFFFFF, user=00 priv=07, 15111011/05100011
PU region 1: 02000000-023FFFFF, user=70 priv=77, 15111011/05100011
PU region 2: 023E0000-023FFFFF, user=00 priv=00, 15111011/05100011
PU region 3: 08000000-0FFFFFFF, user=00 priv=03, 15111011/05100011
PU region 4: 027E0000-027E3FFF, user=00 priv=03, 15111011/05100011
PU region 5: 01000000-01FFFFFF, user=00 priv=07, 15111011/05100011
PU region 6: FFFF0000-FFFF7FFF, user=50 priv=55, 15111011/05100011
PU region 7: 027FF000-027FFFFF, user=00 priv=03, 15111011/05100011
WIFI: ON
wifi: TRX power OFF
wifi: invalid channel values 0004C:00000
wifi: invalid channel values 0004C:0004F
wifi: invalid channel values 0004C:0004F
wifi: invalid channel values 0004C:0004F
WIFI: OFF
unknown ARM9 IO write32 04001060 00000000 01FF933C
unknown ARM9 IO write32 04001064 00000000 01FF933C
unknown ARM9 IO write32 04001068 00000000 01FF933C
[Vulkan] Reflex timings: reports=8 presentID=591 sim=1786623363109012..1786623363113001 renderSubmit=1786623363113139..1786623363113187 present=1786623363113188..1786623363113230 gpuRender=1786623363113182..1786623363129669 inputSample=1786623363108985
[Vulkan] present timing: id=604 target=16664400 complete=yes stages=2 jit=active lastTarget=16664400 feedbackId=603 feedbackStageTime=47536376036300 baselineSeq=603 seq=604 frameIntervalNs=16666667 refreshDurationNs=1852000 refreshIntervalNs=1852000 dynamics=FRR timingCounter=604 domainCounter=1 waitTimeouts=2 queueFull=0 fallback=none
[Vulkan] present JIT: policy=JustInTime authority=GenericHost state=TargetSchedulingActive targetScheduling=off targetMode=none boundedWait=off optionalWait=available timingReady=yes timeDomainsReady=yes absoluteSupported=no relativeSupported=yes targetStage=IMAGE_FIRST_PIXEL_OUT timeDomain=PRESENT_STAGE_LOCAL domainId=1000208000 frameIntervalNs=0 refreshIntervalNs=1959200 dynamics=FRR relativeQuanta=0 baselineId=1060 baselineSequence=1060 baselineTime=47543991738600 targetValue=15673600 fallback=not normal speed
[Vulkan] present JIT: policy=JustInTime authority=GenericHost state=TelemetryBootstrap targetScheduling=off targetMode=none boundedWait=off optionalWait=available timingReady=yes timeDomainsReady=yes absoluteSupported=no relativeSupported=yes targetStage=IMAGE_FIRST_PIXEL_OUT timeDomain=PRESENT_STAGE_LOCAL domainId=1000208000 frameIntervalNs=0 refreshIntervalNs=1864700 dynamics=FRR relativeQuanta=0 baselineId=1061 baselineSequence=1061 baselineTime=47544008422300 targetValue=15673600 fallback=not normal speed
[Vulkan] Reflex timings: reports=8 presentID=1191 sim=1786623371452017..1786623371455484 renderSubmit=1786623371455619..1786623371455666 present=1786623371455666..1786623371455723 gpuRender=1786623371455662..1786623371459243 inputSample=1786623371452001
[Vulkan] present timing: id=1206 target=0 complete=yes stages=2 jit=inactive lastTarget=15673600 feedbackId=1206 feedbackStageTime=47544574881000 baselineSeq=1206 seq=1208 frameIntervalNs=0 refreshDurationNs=2242500 refreshIntervalNs=2242500 dynamics=FRR timingCounter=1208 domainCounter=1 waitTimeouts=2 queueFull=0 fallback=not normal speed
[Vulkan] Reflex timings: reports=8 presentID=1791 sim=1786623373755071..1786623373758466 renderSubmit=1786623373758593..1786623373758637 present=1786623373758637..1786623373758689 gpuRender=1786623373758633..1786623373762160 inputSample=1786623373755056
[Vulkan] present timing: id=1819 target=0 complete=yes stages=2 jit=inactive lastTarget=15673600 feedbackId=1819 feedbackStageTime=47546924020000 baselineSeq=1819 seq=1820 frameIntervalNs=0 refreshDurationNs=2374600 refreshIntervalNs=2374600 dynamics=FRR timingCounter=1821 domainCounter=1 waitTimeouts=2 queueFull=0 fallback=not normal speed
[Vulkan] present JIT: policy=JustInTime authority=GenericPresentTiming state=TelemetryBootstrap targetScheduling=capable targetMode=relative boundedWait=on optionalWait=available timingReady=yes timeDomainsReady=yes absoluteSupported=no relativeSupported=yes targetStage=IMAGE_FIRST_PIXEL_OUT timeDomain=PRESENT_STAGE_LOCAL domainId=1000208000 frameIntervalNs=16666667 refreshIntervalNs=2327000 dynamics=FRR relativeQuanta=0 baselineId=2122 baselineSequence=2122 baselineTime=47548012511600 targetValue=15673600 fallback=none
[Vulkan] present JIT: policy=JustInTime authority=GenericPresentTiming state=TargetSchedulingActive targetScheduling=capable targetMode=relative boundedWait=on optionalWait=available timingReady=yes timeDomainsReady=yes absoluteSupported=no relativeSupported=yes targetStage=IMAGE_FIRST_PIXEL_OUT timeDomain=PRESENT_STAGE_LOCAL domainId=1000208000 frameIntervalNs=16666667 refreshIntervalNs=2281500 dynamics=FRR relativeQuanta=0 baselineId=2124 baselineSequence=2124 baselineTime=47548031023300 targetValue=16289000 fallback=none
[Vulkan] present JIT: policy=JustInTime authority=GenericHost state=TargetSchedulingActive targetScheduling=off targetMode=none boundedWait=off optionalWait=available timingReady=yes timeDomainsReady=yes absoluteSupported=no relativeSupported=yes targetStage=IMAGE_FIRST_PIXEL_OUT timeDomain=PRESENT_STAGE_LOCAL domainId=1000208000 frameIntervalNs=0 refreshIntervalNs=2163500 dynamics=FRR relativeQuanta=0 baselineId=2125 baselineSequence=2125 baselineTime=47548047683500 targetValue=15144500 fallback=not normal speed
[Vulkan] present JIT: policy=JustInTime authority=GenericHost state=TelemetryBootstrap targetScheduling=off targetMode=none boundedWait=off optionalWait=available timingReady=yes timeDomainsReady=yes absoluteSupported=no relativeSupported=yes targetStage=IMAGE_FIRST_PIXEL_OUT timeDomain=PRESENT_STAGE_LOCAL domainId=1000208000 frameIntervalNs=0 refreshIntervalNs=2270800 dynamics=FRR relativeQuanta=0 baselineId=2126 baselineSequence=2126 baselineTime=47548066194600 targetValue=15144500 fallback=not normal speed
[Vulkan] Reflex timings: reports=8 presentID=2391 sim=1786623375818503..1786623375821468 renderSubmit=1786623375821604..1786623375821645 present=1786623375821646..1786623375821694 gpuRender=1786623375821641..1786623375823690 inputSample=1786623375818485
[Vulkan] present timing: id=2432 target=0 complete=yes stages=2 jit=inactive lastTarget=15144500 feedbackId=2432 feedbackStageTime=47549010292600 baselineSeq=2432 seq=2434 frameIntervalNs=0 refreshDurationNs=2169700 refreshIntervalNs=2169700 dynamics=FRR timingCounter=2439 domainCounter=1 waitTimeouts=2 queueFull=0 fallback=not normal speed
[Vulkan] Reflex timings: reports=8 presentID=2991 sim=1786623377694019..1786623377697272 renderSubmit=1786623377697418..1786623377697462 present=1786623377697463..1786623377697512 gpuRender=1786623377697457..1786623377700400 inputSample=1786623377694002
[Vulkan] present timing: id=3042 target=0 complete=yes stages=2 jit=inactive lastTarget=15144500 feedbackId=3042 feedbackStageTime=47550922555300 baselineSeq=3042 seq=3043 frameIntervalNs=0 refreshDurationNs=2039700 refreshIntervalNs=2039700 dynamics=FRR timingCounter=3050 domainCounter=1 waitTimeouts=2 queueFull=0 fallback=not normal speed
[Vulkan] present JIT: policy=JustInTime authority=GenericPresentTiming state=TelemetryBootstrap targetScheduling=capable targetMode=relative boundedWait=on optionalWait=available timingReady=yes timeDomainsReady=yes absoluteSupported=no relativeSupported=yes targetStage=IMAGE_FIRST_PIXEL_OUT timeDomain=PRESENT_STAGE_LOCAL domainId=1000208000 frameIntervalNs=1000000 refreshIntervalNs=2097000 dynamics=FRR relativeQuanta=0 baselineId=3481 baselineSequence=3481 baselineTime=47552331297000 targetValue=15144500 fallback=none
[Vulkan] present JIT: policy=JustInTime authority=GenericPresentTiming state=TargetSchedulingActive targetScheduling=capable targetMode=relative boundedWait=on optionalWait=available timingReady=yes timeDomainsReady=yes absoluteSupported=no relativeSupported=yes targetStage=IMAGE_FIRST_PIXEL_OUT timeDomain=PRESENT_STAGE_LOCAL domainId=1000208000 frameIntervalNs=16666667 refreshIntervalNs=2098000 dynamics=FRR relativeQuanta=0 baselineId=3483 baselineSequence=3483 baselineTime=47552336850100 targetValue=2097000 fallback=none
[Vulkan] present JIT: policy=JustInTime authority=GenericHost state=TargetSchedulingActive targetScheduling=off targetMode=none boundedWait=off optionalWait=available timingReady=yes timeDomainsReady=yes absoluteSupported=no relativeSupported=yes targetStage=IMAGE_FIRST_PIXEL_OUT timeDomain=PRESENT_STAGE_LOCAL domainId=1000208000 frameIntervalNs=0 refreshIntervalNs=2058400 dynamics=FRR relativeQuanta=0 baselineId=3503 baselineSequence=3503 baselineTime=47552655257300 targetValue=14940100 fallback=not normal speed
[Vulkan] present JIT: policy=JustInTime authority=GenericHost state=TelemetryBootstrap targetScheduling=off targetMode=none boundedWait=off optionalWait=available timingReady=yes timeDomainsReady=yes absoluteSupported=no relativeSupported=yes targetStage=IMAGE_FIRST_PIXEL_OUT timeDomain=PRESENT_STAGE_LOCAL domainId=1000208000 frameIntervalNs=0 refreshIntervalNs=2035300 dynamics=FRR relativeQuanta=0 baselineId=3504 baselineSequence=3504 baselineTime=47552690485700 targetValue=14940100 fallback=not normal speed
[Vulkan] Reflex timings: reports=8 presentID=3591 sim=1786623382523878..1786623382529052 renderSubmit=1786623382529300..1786623382529369 present=1786623382529370..1786623382529429 gpuRender=1786623382529358..1786623382566834 inputSample=1786623382523790
[Vulkan] present timing: id=3665 target=0 complete=yes stages=2 jit=inactive lastTarget=14940100 feedbackId=3665 feedbackStageTime=47558058850000 baselineSeq=3665 seq=3666 frameIntervalNs=0 refreshDurationNs=1951300 refreshIntervalNs=1951300 dynamics=FRR timingCounter=3675 domainCounter=1 waitTimeouts=3 queueFull=0 fallback=not normal speed
Opened "C:/Users/Admin/Documents/git/melonPrimeDS/build/debug-mingw-vulkan-validation2/portable\melonDS.toml" with FileMode 0x1 (effective mode "rb")
Opened "C:/Users/Admin/Documents/git/melonPrimeDS/build/debug-mingw-vulkan-validation2/portable\melonDS.toml" with FileMode 0x20 (effective mode "ab")
Renderer transition begin previous=3 requested=0
Opened "C:/Users/Admin/Documents/git/melonPrimeDS/build/debug-mingw-vulkan-validation2/portable\melonPrimeDS_vulkan_pipeline_cache.bin" with FileMode 0x2 (effective mode "wb")
Renderer transition complete previous=3 actual=0
Renderer transition begin previous=0 requested=3
Renderer selection requested=Vulkan presentation=Vulkan[Vulkan] renderer requested=Vulkan actual=Vulkan
[Vulkan] instance API 1.4.357, device API 1.4.341
[Vulkan] GPU NVIDIA GeForce RTX 5070 Ti (NVIDIA, discrete GPU) driver 610.74.0.0
[Vulkan] queues: family 0 handles graphics, compute and present
[Vulkan] device extension: VK_KHR_swapchain
[Vulkan] device extension: VK_KHR_timeline_semaphore
[Vulkan] device extension: VK_KHR_present_id
[Vulkan] device extension: VK_NV_low_latency2
[Vulkan] device extension: VK_KHR_present_id2
[Vulkan] device extension: VK_KHR_present_wait2
[Vulkan] device extension: VK_KHR_calibrated_timestamps
[Vulkan] device extension: VK_EXT_present_timing
[Vulkan] device extension: VK_KHR_present_mode_fifo_latest_ready
[Vulkan] device features: none required (core 1.1 functionality only)
[Vulkan] device-local memory 15995.0 MiB, internal resolution up to 16x
[Vulkan] NVIDIA Reflex (VK_NV_low_latency2) device creation: extension-requested=yes supported=yes device-extension-enabled=yes reason=enabled at device creation
[Vulkan] AMD Radeon Anti-Lag 2 (VK_AMD_anti_lag) device creation: extension-requested=yes supported=no device-extension-enabled=no reason=this GPU does not expose VK_AMD_anti_lag (Radeon Anti-Lag 2 is AMD-only)
[Vulkan] descriptor pool: 6153 sets (6 rasterizer, 6147 texture) across 3 frames in flight
Opened "C:/Users/Admin/Documents/git/melonPrimeDS/build/debug-mingw-vulkan-validation2/portable\melonPrimeDS_vulkan_pipeline_cache.bin" with FileMode 0x1 (effective mode "rb")
[Vulkan] 3D renderer initialized on "NVIDIA GeForce RTX 5070 Ti" (up to 16x internal resolution)
Vulkan renderer init succeeded requested=Vulkan actual=Vulkan
Renderer transition complete previous=0 actual=3
[Vulkan] internal resolution 4x -> 3D output 1024x768, tiles 128x96 (8px), tile-geometry bucket 0, capture resolve 256x192; memory raster=335.7 MiB capture-sidecar=32.0 MiB compositor-device=25.9 MiB compositor-host=7.9 MiB
Resetting JIT block cache...
done resetting jit mem
Opened "C:/Users/Admin/Documents/git/melonPrimeDS/build/debug-mingw-vulkan-validation2/portable\rtc.bin" with FileMode 0x2 (effective mode "wb")
Opened "C:/Users/Admin/Documents/git/melonPrimeDS/build/debug-mingw-vulkan-validation2/portable\melonPrimeDS_vulkan_pipeline_cache.bin" with FileMode 0x2 (effective mode "wb")
Resetting JIT block cache...
done resetting jit mem
Opened "C:/Users/Admin/Documents/git/melonPrimeDS/build/debug-mingw-vulkan-validation2/portable\melonDS.toml" with FileMode 0x1 (effective mode "rb")
Opened "C:/Users/Admin/Documents/git/melonPrimeDS/build/debug-mingw-vulkan-validation2/portable\melonDS.toml" with FileMode 0x20 (effective mode "ab")
